// Jest Snapshot v1, https://goo.gl/fbAQLP

exports[`<Landing /> has a Typography element 1`] = `
<div>
  <div
    className="MuiPaper-root-2 MuiPaper-elevation1-5 MuiPaper-rounded-3 Landing-root-1"
  >
    <h3
      className="MuiTypography-root-29 MuiTypography-h5-45"
    >
      This is a sheet of paper.
    </h3>
    <p
      className="MuiTypography-root-29 MuiTypography-body1-38"
    >
      Paper can be used to build surface or other elements for your application.
    </p>
  </div>
</div>
`;
